node.exe : ΓÜá Warning: 
Next.js inferred your 
workspace root, but it may 
not be correct.
At line:1 char:1
+ & "C:\Program 
Files\nodejs/node.exe" "C:\
Users\Aman\AppData\Roaming\
n ...
+ ~~~~~~~~~~~~~~~~~~~~~~~~~
~~~~~~~~~~~~~~~~~~~~~~~~~~~
~~~~~~~~~~~~~~~~~
    + CategoryInfo         
     : NotSpecified: (ΓÜá  
   Warning: Ne...not be    
 correct.:String) [], R    
emoteException
    + FullyQualifiedErrorI 
   d : NativeCommandError
 
 We detected multiple 
lockfiles and selected the 
directory of E:\all 
projects\pnpm-lock.yaml as 
the root directory.
 To silence this warning, 
set `turbopack.root` in 
your Next.js config, or 
consider removing one of 
the lockfiles if it's not 
needed.
   See https://nextjs.org/d
ocs/app/api-reference/confi
g/next-config-js/turbopack#
root-directory for more 
information.
 Detected additional 
lockfiles: 
   * E:\all projects\movie-
recommendation\frontend\pac
kage-lock.json

Γû▓ Next.js 16.2.1 (Turbopack)
- Environments: .env.local

  Creating an optimized production build ...

> Build error occurred
Error: Turbopack build 
failed with 2 errors:
./movie-recommendation/fron
tend/app/gallery/page.tsx:1
:1
Module not found: Can't 
resolve 
'@/components/DomeGallery'
[31m[1m>[0m [90m1 
|[0m [36mimport[0m 
[33mDomeGallery[0m 
[36mfrom[0m [32m"@/compo
nents/DomeGallery"[0m;
  [90m  |[0m [31m[1m^^^
^^^^^^^^^^^^^^^^^^^^^^^^^^^
^^^^^^^^^^^^^^^^^^^^^[0m
  [90m2 |[0m 
[36mimport[0m { 
[33mButton[0m } 
[36mfrom[0m [32m"@/compo
nents/ui/button"[0m;
  [90m3 |[0m 
[36mimport[0m 
[33mImage[0m 
[36mfrom[0m 
[32m"next/image"[0m;
  [90m4 |[0m 
[36mimport[0m 
[33mLink[0m 
[36mfrom[0m 
[32m"next/link"[0m;

Import map: aliased to 
relative 
'./components/DomeGallery' 
inside of [project]/movie-r
ecommendation/frontend


https://nextjs.org/docs/mes
sages/module-not-found


./movie-recommendation/fron
tend/app/gallery/page.tsx:2
:1
Module not found: Can't 
resolve 
'@/components/ui/button'
  [90m1 |[0m 
[36mimport[0m 
[33mDomeGallery[0m 
[36mfrom[0m [32m"@/compo
nents/DomeGallery"[0m;
[31m[1m>[0m [90m2 
|[0m [36mimport[0m { 
[33mButton[0m } 
[36mfrom[0m [32m"@/compo
nents/ui/button"[0m;
  [90m  |[0m [31m[1m^^^
^^^^^^^^^^^^^^^^^^^^^^^^^^^
^^^^^^^^^^^^^^^^^^[0m
  [90m3 |[0m 
[36mimport[0m 
[33mImage[0m 
[36mfrom[0m 
[32m"next/image"[0m;
  [90m4 |[0m 
[36mimport[0m 
[33mLink[0m 
[36mfrom[0m 
[32m"next/link"[0m;
  [90m5 |[0m

Import map: aliased to 
relative 
'./components/ui/button' 
inside of [project]/movie-r
ecommendation/frontend


https://nextjs.org/docs/mes
sages/module-not-found


    at <unknown> (./movie-r
ecommendation/frontend/app/
gallery/page.tsx:1:1)
    at <unknown> (https://n
extjs.org/docs/messages/mod
ule-not-found)
    at <unknown> (./movie-r
ecommendation/frontend/app/
gallery/page.tsx:2:1)
    at <unknown> (https://n
extjs.org/docs/messages/mod
ule-not-found)
